Requirement already satisfied: fastapi in c:\coding\main\dentcare\backend\venv\lib\site-packages (0.135.1)
Requirement already satisfied: uvicorn in c:\coding\main\dentcare\backend\venv\lib\site-packages (0.41.0)
Collecting tensorflow
  Using cached tensorflow-2.21.0-cp312-cp312-win_amd64.whl.metadata (4.5 kB)
Requirement already satisfied: pillow in c:\coding\main\dentcare\backend\venv\lib\site-packages (12.1.1)
Requirement already satisfied: python-multipart in c:\coding\main\dentcare\backend\venv\lib\site-packages (0.0.22)
Requirement already satisfied: starlette>=0.46.0 in c:\coding\main\dentcare\backend\venv\lib\site-packages (from fastapi) (0.52.1)
Requirement already satisfied: pydantic>=2.7.0 in c:\coding\main\dentcare\backend\venv\lib\site-packages (from fastapi) (2.12.5)
Requirement already satisfied: typing-extensions>=4.8.0 in c:\coding\main\dentcare\backend\venv\lib\site-packages (from fastapi) (4.15.0)
Requirement already satisfied: typing-inspection>=0.4.2 in c:\coding\main\dentcare\backend\venv\lib\site-packages (from fastapi) (0.4.2)
Requirement already satisfied: annotated-doc>=0.0.2 in c:\coding\main\dentcare\backend\venv\lib\site-packages (from fastapi) (0.0.4)
Requirement already satisfied: click>=7.0 in c:\coding\main\dentcare\backend\venv\lib\site-packages (from uvicorn) (8.3.1)
Requirement already satisfied: h11>=0.8 in c:\coding\main\dentcare\backend\venv\lib\site-packages (from uvicorn) (0.16.0)
Requirement already satisfied: absl-py>=1.0.0 in c:\coding\main\dentcare\backend\venv\lib\site-packages (from tensorflow) (2.4.0)
Requirement already satisfied: astunparse>=1.6.0 in c:\coding\main\dentcare\backend\venv\lib\site-packages (from tensorflow) (1.6.3)
Requirement already satisfied: flatbuffers>=25.9.23 in c:\coding\main\dentcare\backend\venv\lib\site-packages (from tensorflow) (25.12.19)
Requirement already satisfied: gast!=0.5.0,!=0.5.1,!=0.5.2,>=0.2.1 in c:\coding\main\dentcare\backend\venv\lib\site-packages (from tensorflow) (0.7.0)
Requirement already satisfied: google_pasta>=0.1.1 in c:\coding\main\dentcare\backend\venv\lib\site-packages (from tensorflow) (0.2.0)
Requirement already satisfied: libclang>=13.0.0 in c:\coding\main\dentcare\backend\venv\lib\site-packages (from tensorflow) (18.1.1)
Requirement already satisfied: opt_einsum>=2.3.2 in c:\coding\main\dentcare\backend\venv\lib\site-packages (from tensorflow) (3.4.0)
Requirement already satisfied: packaging in c:\coding\main\dentcare\backend\venv\lib\site-packages (from tensorflow) (26.0)
Requirement already satisfied: protobuf<8.0.0,>=6.31.1 in c:\coding\main\dentcare\backend\venv\lib\site-packages (from tensorflow) (7.34.0)
Requirement already satisfied: requests<3,>=2.21.0 in c:\coding\main\dentcare\backend\venv\lib\site-packages (from tensorflow) (2.32.5)
Requirement already satisfied: setuptools in c:\coding\main\dentcare\backend\venv\lib\site-packages (from tensorflow) (82.0.0)
Requirement already satisfied: six>=1.12.0 in c:\coding\main\dentcare\backend\venv\lib\site-packages (from tensorflow) (1.17.0)
Requirement already satisfied: termcolor>=1.1.0 in c:\coding\main\dentcare\backend\venv\lib\site-packages (from tensorflow) (3.3.0)
Requirement already satisfied: wrapt>=1.11.0 in c:\coding\main\dentcare\backend\venv\lib\site-packages (from tensorflow) (2.1.2)
Requirement already satisfied: grpcio<2.0,>=1.24.3 in c:\coding\main\dentcare\backend\venv\lib\site-packages (from tensorflow) (1.78.0)
Requirement already satisfied: keras>=3.12.0 in c:\coding\main\dentcare\backend\venv\lib\site-packages (from tensorflow) (3.13.2)
Requirement already satisfied: numpy>=1.26.0 in c:\coding\main\dentcare\backend\venv\lib\site-packages (from tensorflow) (2.4.2)
Requirement already satisfied: h5py<3.15.0,>=3.11.0 in c:\coding\main\dentcare\backend\venv\lib\site-packages (from tensorflow) (3.14.0)
Requirement already satisfied: ml_dtypes<1.0.0,>=0.5.1 in c:\coding\main\dentcare\backend\venv\lib\site-packages (from tensorflow) (0.5.4)
Requirement already satisfied: wheel<1.0,>=0.23.0 in c:\coding\main\dentcare\backend\venv\lib\site-packages (from astunparse>=1.6.0->tensorflow) (0.46.3)
Requirement already satisfied: colorama in c:\coding\main\dentcare\backend\venv\lib\site-packages (from click>=7.0->uvicorn) (0.4.6)
Requirement already satisfied: rich in c:\coding\main\dentcare\backend\venv\lib\site-packages (from keras>=3.12.0->tensorflow) (14.3.3)
Requirement already satisfied: namex in c:\coding\main\dentcare\backend\venv\lib\site-packages (from keras>=3.12.0->tensorflow) (0.1.0)
Requirement already satisfied: optree in c:\coding\main\dentcare\backend\venv\lib\site-packages (from keras>=3.12.0->tensorflow) (0.19.0)
Requirement already satisfied: annotated-types>=0.6.0 in c:\coding\main\dentcare\backend\venv\lib\site-packages (from pydantic>=2.7.0->fastapi) (0.7.0)
Requirement already satisfied: pydantic-core==2.41.5 in c:\coding\main\dentcare\backend\venv\lib\site-packages (from pydantic>=2.7.0->fastapi) (2.41.5)
Requirement already satisfied: charset_normalizer<4,>=2 in c:\coding\main\dentcare\backend\venv\lib\site-packages (from requests<3,>=2.21.0->tensorflow) (3.4.5)
Requirement already satisfied: idna<4,>=2.5 in c:\coding\main\dentcare\backend\venv\lib\site-packages (from requests<3,>=2.21.0->tensorflow) (3.11)
Requirement already satisfied: urllib3<3,>=1.21.1 in c:\coding\main\dentcare\backend\venv\lib\site-packages (from requests<3,>=2.21.0->tensorflow) (2.6.3)
Requirement already satisfied: certifi>=2017.4.17 in c:\coding\main\dentcare\backend\venv\lib\site-packages (from requests<3,>=2.21.0->tensorflow) (2026.2.25)
Requirement already satisfied: anyio<5,>=3.6.2 in c:\coding\main\dentcare\backend\venv\lib\site-packages (from starlette>=0.46.0->fastapi) (4.12.1)
Requirement already satisfied: markdown-it-py>=2.2.0 in c:\coding\main\dentcare\backend\venv\lib\site-packages (from rich->keras>=3.12.0->tensorflow) (4.0.0)
Requirement already satisfied: pygments<3.0.0,>=2.13.0 in c:\coding\main\dentcare\backend\venv\lib\site-packages (from rich->keras>=3.12.0->tensorflow) (2.19.2)
Requirement already satisfied: mdurl~=0.1 in c:\coding\main\dentcare\backend\venv\lib\site-packages (from markdown-it-py>=2.2.0->rich->keras>=3.12.0->tensorflow) (0.1.2)
Using cached tensorflow-2.21.0-cp312-cp312-win_amd64.whl (350.9 MB)
Installing collected packages: tensorflow
ERROR: Could not install packages due to an OSError: [Errno 28] No space left on device


[notice] A new release of pip is available: 25.0.1 -> 26.0.1
[notice] To update, run: C:\CODING\MAIN\DENTCARE\BACKEND\venv\Scripts\python.exe -m pip install --upgrade pip
